// Jest Snapshot v1, https://goo.gl/fbAQLP

exports[`portfolioIdentity.component matches the identity column snapshot 1`] = `
<DocumentFragment>
  <div
    class="order-2 flex flex-col gap-4 lg:order-1 lg:justify-center"
  >
    <div
      class="rounded-[1.75rem] border border-zinc-200/90 bg-white/90 p-5 shadow-sm"
    >
      <p
        class="text-[10px] uppercase tracking-[0.24em] text-zinc-400"
      >
        Profile
      </p>
      <p
        class="mt-3 text-sm leading-7 text-zinc-600"
      >
        A product-minded fullstack engineer focused on balanced delivery, scalable systems, and work that stays clean as it grows.
      </p>
    </div>
    <div
      class="rounded-[1.75rem] border border-zinc-950 bg-zinc-950 p-5 text-white shadow-[0_12px_28px_rgba(0,0,0,0.12)]"
    >
      <div
        class="flex items-center gap-2 text-zinc-400"
      >
        <svg
          aria-hidden="true"
          class="h-4 w-4"
          fill="none"
          stroke="currentColor"
          stroke-linecap="round"
          stroke-linejoin="round"
          stroke-width="2"
          viewBox="0 0 24 24"
        >
          <path
            d="m12 3 1.9 4.1L18 9l-4.1 1.9L12 15l-1.9-4.1L6 9l4.1-1.9z"
          />
          <path
            d="M5 3v4"
          />
          <path
            d="M3 5h4"
          />
          <path
            d="M19 17v4"
          />
          <path
            d="M17 19h4"
          />
        </svg>
        <span
          class="text-[10px] uppercase tracking-[0.24em]"
        >
          Focus
        </span>
      </div>
      <p
        class="mt-4 text-sm leading-7 text-zinc-300"
      >
        Modern JavaScript systems, balanced frontend-backend development, and architecture built to stay maintainable.
      </p>
    </div>
  </div>
</DocumentFragment>
`;
